// Jest Snapshot v1, https://goo.gl/fbAQLP

exports[`DriverApplication Screen matches snapshot 1`] = `
<RCTScrollView
  contentContainerStyle={
    Object {
      "alignItems": "center",
      "backgroundColor": "#F5FCFF",
      "flex": 1,
    }
  }
>
  <View>
    <Text
      style={
        Object {
          "fontSize": 20,
          "margin": 10,
          "textAlign": "center",
        }
      }
    >
      Want to become a driver? Apply below.
    </Text>
    <View
      accessible={true}
      isTVSelectable={true}
      onResponderGrant={[Function]}
      onResponderMove={[Function]}
      onResponderRelease={[Function]}
      onResponderTerminate={[Function]}
      onResponderTerminationRequest={[Function]}
      onStartShouldSetResponder={[Function]}
      style={
        Object {
          "backgroundColor": "#02b2cc",
          "borderRadius": 4,
          "opacity": 1,
          "padding": 10,
          "width": "80%",
        }
      }
    >
      <Text
        style={
          Object {
            "alignSelf": "center",
            "color": "white",
            "fontWeight": "bold",
          }
        }
      >
        Apply
      </Text>
    </View>
  </View>
</RCTScrollView>
`;
